[GraphDirectiveDefinition]
   [GraphName] directive
   [GraphArgumentsDefinition]
      [GraphArgumentDefinition]
         [GraphName] argument1
         [GraphType] String
      [GraphArgumentDefinition]
         [GraphName] argument2
         [GraphType] Int
   [GraphDirectiveLocations]
      [GraphName] QUERY
