{
  "TypeKind": "Object",
  "Fields": {
    "Fields": [
      {
        "Name": {
          "Value": "field",
          "Location": null
        },
        "Type": {
          "TypeKind": "Named",
          "Name": {
            "Value": "String",
            "Location": null
          },
          "NonNullable": true,
          "Location": null
        },
        "Description": null,
        "Arguments": {
          "Arguments": [],
          "Location": null
        },
        "Directives": {
          "Directives": [],
          "Location": null
        },
        "Location": null
      }
    ],
    "Location": null
  },
  "Interface": null,
  "DefinitionKind": "Type",
  "Executable": false,
  "Directives": {
    "Directives": [
      {
        "Name": {
          "Value": "deprecated",
          "Location": null
        },
        "Arguments": {
          "Arguments": [
            {
              "Name": {
                "Value": "because",
                "Location": null
              },
              "Value": {
                "ValueKind": "String",
                "Value": "it sucks lol",
                "Location": null
              },
              "Location": null
            }
          ],
          "Location": null
        },
        "Location": null
      }
    ],
    "Location": null
  },
  "Name": {
    "Value": "ObjectWithDirectiveWithArguments",
    "Location": null
  },
  "Description": null,
  "Location": null
}
