{
  "TypeKind": "Object",
  "Fields": {
    "Fields": [],
    "Location": null
  },
  "Interface": null,
  "DefinitionKind": "Type",
  "Executable": false,
  "Directives": {
    "Directives": [],
    "Location": null
  },
  "Name": {
    "Value": "ObjectWithGenericMethod",
    "Location": null
  },
  "Description": null,
  "Location": null
}
